[qa] logging to /Users/tester/click-to-min/qa/reports/2026-05-09-024020/run-all.log
[qa] mode=FULL report=/Users/tester/click-to-min/qa/reports/2026-05-09-024020.md

==> [1/13] Swift toolchain preflight
[qa] toolchain OK (/Library/Developer/CommandLineTools)

==> [2/13] Build AXProbe harness
[qa] building AXProbe (release) — this takes 1-3 min on first build
[0/1] Planning build
Building for production...
[0/4] Write sources
[1/4] Write swift-version--1AB21518FC5DEDBE.txt
[3/5] Compiling AXProbe AXProbeMain.swift
[3/4] Linking axprobe
Build complete! (1.41s)
WARN /Applications/AXProbe.app has a stale embedded axprobe.
WARN Refresh with: sudo ./qa/shared/refresh-axprobe-bundle.sh
WARN Until you do, the wrapper at /usr/local/bin/axprobe runs old code.
[qa] axprobe built: /Users/tester/click-to-min/qa/harness/AXProbe/.build/release/axprobe

==> [3/13] Accessibility permission gate
PASS Accessibility already granted to axprobe

==> [4/13] Smoke: build / bundle / signposts (01-smoke.sh)
[qa] live output tailing to /Users/tester/click-to-min/qa/reports/2026-05-09-024020/01-smoke.sh.log
PASS 01-smoke.sh in 18s

==> [5/13] Startup: cold launch -> first lifecycle log (00-startup.sh)
[qa] live output tailing to /Users/tester/click-to-min/qa/reports/2026-05-09-024020/00-startup.sh.log
PASS 00-startup.sh in 11s

==> [6/13] Core behavior: 3-click cycle + latency (02-core-behavior.sh)
[qa] live output tailing to /Users/tester/click-to-min/qa/reports/2026-05-09-024020/02-core-behavior.sh.log
PASS 02-core-behavior.sh in 95s

==> [7/13] Edge cases: frozen/debounce/multi-window (03-edge-cases.sh)
[qa] live output tailing to /Users/tester/click-to-min/qa/reports/2026-05-09-024020/03-edge-cases.sh.log
PASS 03-edge-cases.sh in 25s

==> [8/13] Dock config: tilesize/orientation/autohide (04-dock-config.sh)
[qa] live output tailing to /Users/tester/click-to-min/qa/reports/2026-05-09-024020/04-dock-config.sh.log
PASS 04-dock-config.sh in 64s

==> [9/13] Perf: xctrace + idle-cpu + active-cpu (05-perf-instruments.sh)
[qa] live output tailing to /Users/tester/click-to-min/qa/reports/2026-05-09-024020/05-perf-instruments.sh.log
FAIL 05-perf-instruments.sh in 504s (rc=1) — see /Users/tester/click-to-min/qa/reports/2026-05-09-024020/05-perf-instruments.sh.log

==> [10/13] Settings: enable/disable + icon-hide toggles (06-settings.sh)
[qa] live output tailing to /Users/tester/click-to-min/qa/reports/2026-05-09-024020/06-settings.sh.log
PASS 06-settings.sh in 20s

==> [11/13] Recording perf metrics
[metrics] startup: 98 ms (brightgreen)
[metrics] latency: 191 ms (brightgreen)

==> [12/13] Regression guard
[metrics] <2 records — nothing to compare against

==> [13/13] Publishing badges
[qa] [metrics] gist env vars not set — skipping badge push

report: /Users/tester/click-to-min/qa/reports/2026-05-09-024020.md
log:    /Users/tester/click-to-min/qa/reports/2026-05-09-024020/run-all.log
FAIL run-all (FULL)
